Command line invocation:
    /Applications/Xcode.app/Contents/Developer/usr/bin/xcodebuild -project Cocktails.xcodeproj -scheme Cocktails -destination "generic/platform=iOS Simulator" build

ComputePackagePrebuildTargetDependencyGraph

Prepare packages

CreateBuildRequest

SendProjectDescription

CreateBuildOperation

ComputeTargetDependencyGraph
note: Building targets in dependency order
note: Target dependency graph (1 target)
    Target 'Cocktails' in project 'Cocktails' (no dependencies)

GatherProvisioningInputs

CreateBuildDescription

ExecuteExternalTool /Applications/Xcode.app/Contents/Developer/Toolchains/XcodeDefault.xctoolchain/usr/bin/clang -v -E -dM -isysroot /Applications/Xcode.app/Contents/Developer/Platforms/iPhoneSimulator.platform/Developer/SDKs/iPhoneSimulator26.2.sdk -x c -c /dev/null

ExecuteExternalTool /Applications/Xcode.app/Contents/Developer/usr/bin/actool --print-asset-tag-combinations --output-format xml1 /Users/mo/Developer/Kleingewerbe/Cocktails/Cocktails/Resources/Assets.xcassets /Users/mo/Developer/Kleingewerbe/Cocktails/Cocktails/Resources/Cocktails.icon

ExecuteExternalTool /Applications/Xcode.app/Contents/Developer/usr/bin/actool --version --output-format xml1

ExecuteExternalTool /Applications/Xcode.app/Contents/Developer/usr/bin/xcstringstool compile --dry-run --output-directory /Users/mo/Library/Developer/Xcode/DerivedData/Cocktails-efkloixvbpgvwlejzvstcgnwjmfr/Build/Intermediates.noindex/Cocktails.build/Debug-iphonesimulator/Cocktails.build /Users/mo/Developer/Kleingewerbe/Cocktails/Cocktails/Resources/Localizable.xcstrings

ExecuteExternalTool /Applications/Xcode.app/Contents/Developer/Toolchains/XcodeDefault.xctoolchain/usr/bin/swiftc --version

ExecuteExternalTool /Applications/Xcode.app/Contents/Developer/Toolchains/XcodeDefault.xctoolchain/usr/bin/ld -version_details

Build description signature: 909ab9cb7479b337f33a1128bd19a7cf
Build description path: /Users/mo/Library/Developer/Xcode/DerivedData/Cocktails-efkloixvbpgvwlejzvstcgnwjmfr/Build/Intermediates.noindex/XCBuildData/909ab9cb7479b337f33a1128bd19a7cf.xcbuilddata
ClangStatCache /Applications/Xcode.app/Contents/Developer/Toolchains/XcodeDefault.xctoolchain/usr/bin/clang-stat-cache /Applications/Xcode.app/Contents/Developer/Platforms/iPhoneSimulator.platform/Developer/SDKs/iPhoneSimulator26.2.sdk /Users/mo/Library/Developer/Xcode/DerivedData/SDKStatCaches.noindex/iphonesimulator26.2-23C53-7d00a8b37fbd7999ea79df8ebc024bf0.sdkstatcache
    cd /Users/mo/Developer/Kleingewerbe/Cocktails/Cocktails.xcodeproj
    /Applications/Xcode.app/Contents/Developer/Toolchains/XcodeDefault.xctoolchain/usr/bin/clang-stat-cache /Applications/Xcode.app/Contents/Developer/Platforms/iPhoneSimulator.platform/Developer/SDKs/iPhoneSimulator26.2.sdk -o /Users/mo/Library/Developer/Xcode/DerivedData/SDKStatCaches.noindex/iphonesimulator26.2-23C53-7d00a8b37fbd7999ea79df8ebc024bf0.sdkstatcache

WriteAuxiliaryFile /Users/mo/Library/Developer/Xcode/DerivedData/Cocktails-efkloixvbpgvwlejzvstcgnwjmfr/Build/Intermediates.noindex/Cocktails.build/Debug-iphonesimulator/Cocktails.build/Objects-normal/x86_64/Cocktails.SwiftFileList (in target 'Cocktails' from project 'Cocktails')
    cd /Users/mo/Developer/Kleingewerbe/Cocktails
    write-file /Users/mo/Library/Developer/Xcode/DerivedData/Cocktails-efkloixvbpgvwlejzvstcgnwjmfr/Build/Intermediates.noindex/Cocktails.build/Debug-iphonesimulator/Cocktails.build/Objects-normal/x86_64/Cocktails.SwiftFileList

WriteAuxiliaryFile /Users/mo/Library/Developer/Xcode/DerivedData/Cocktails-efkloixvbpgvwlejzvstcgnwjmfr/Build/Intermediates.noindex/Cocktails.build/Debug-iphonesimulator/Cocktails.build/Objects-normal/x86_64/Cocktails.SwiftConstValuesFileList (in target 'Cocktails' from project 'Cocktails')
    cd /Users/mo/Developer/Kleingewerbe/Cocktails
    write-file /Users/mo/Library/Developer/Xcode/DerivedData/Cocktails-efkloixvbpgvwlejzvstcgnwjmfr/Build/Intermediates.noindex/Cocktails.build/Debug-iphonesimulator/Cocktails.build/Objects-normal/x86_64/Cocktails.SwiftConstValuesFileList

WriteAuxiliaryFile /Users/mo/Library/Developer/Xcode/DerivedData/Cocktails-efkloixvbpgvwlejzvstcgnwjmfr/Build/Intermediates.noindex/Cocktails.build/Debug-iphonesimulator/Cocktails.build/Objects-normal/x86_64/Cocktails.LinkFileList (in target 'Cocktails' from project 'Cocktails')
    cd /Users/mo/Developer/Kleingewerbe/Cocktails
    write-file /Users/mo/Library/Developer/Xcode/DerivedData/Cocktails-efkloixvbpgvwlejzvstcgnwjmfr/Build/Intermediates.noindex/Cocktails.build/Debug-iphonesimulator/Cocktails.build/Objects-normal/x86_64/Cocktails.LinkFileList

WriteAuxiliaryFile /Users/mo/Library/Developer/Xcode/DerivedData/Cocktails-efkloixvbpgvwlejzvstcgnwjmfr/Build/Intermediates.noindex/Cocktails.build/Debug-iphonesimulator/Cocktails.build/Objects-normal/arm64/Cocktails.SwiftFileList (in target 'Cocktails' from project 'Cocktails')
    cd /Users/mo/Developer/Kleingewerbe/Cocktails
    write-file /Users/mo/Library/Developer/Xcode/DerivedData/Cocktails-efkloixvbpgvwlejzvstcgnwjmfr/Build/Intermediates.noindex/Cocktails.build/Debug-iphonesimulator/Cocktails.build/Objects-normal/arm64/Cocktails.SwiftFileList

WriteAuxiliaryFile /Users/mo/Library/Developer/Xcode/DerivedData/Cocktails-efkloixvbpgvwlejzvstcgnwjmfr/Build/Intermediates.noindex/Cocktails.build/Debug-iphonesimulator/Cocktails.build/Objects-normal/arm64/Cocktails.SwiftConstValuesFileList (in target 'Cocktails' from project 'Cocktails')
    cd /Users/mo/Developer/Kleingewerbe/Cocktails
    write-file /Users/mo/Library/Developer/Xcode/DerivedData/Cocktails-efkloixvbpgvwlejzvstcgnwjmfr/Build/Intermediates.noindex/Cocktails.build/Debug-iphonesimulator/Cocktails.build/Objects-normal/arm64/Cocktails.SwiftConstValuesFileList

WriteAuxiliaryFile /Users/mo/Library/Developer/Xcode/DerivedData/Cocktails-efkloixvbpgvwlejzvstcgnwjmfr/Build/Intermediates.noindex/Cocktails.build/Debug-iphonesimulator/Cocktails.build/Objects-normal/arm64/Cocktails_const_extract_protocols.json (in target 'Cocktails' from project 'Cocktails')
    cd /Users/mo/Developer/Kleingewerbe/Cocktails
    write-file /Users/mo/Library/Developer/Xcode/DerivedData/Cocktails-efkloixvbpgvwlejzvstcgnwjmfr/Build/Intermediates.noindex/Cocktails.build/Debug-iphonesimulator/Cocktails.build/Objects-normal/arm64/Cocktails_const_extract_protocols.json

WriteAuxiliaryFile /Users/mo/Library/Developer/Xcode/DerivedData/Cocktails-efkloixvbpgvwlejzvstcgnwjmfr/Build/Intermediates.noindex/Cocktails.build/Debug-iphonesimulator/Cocktails.build/Objects-normal/arm64/Cocktails.LinkFileList (in target 'Cocktails' from project 'Cocktails')
    cd /Users/mo/Developer/Kleingewerbe/Cocktails
    write-file /Users/mo/Library/Developer/Xcode/DerivedData/Cocktails-efkloixvbpgvwlejzvstcgnwjmfr/Build/Intermediates.noindex/Cocktails.build/Debug-iphonesimulator/Cocktails.build/Objects-normal/arm64/Cocktails.LinkFileList

WriteAuxiliaryFile /Users/mo/Library/Developer/Xcode/DerivedData/Cocktails-efkloixvbpgvwlejzvstcgnwjmfr/Build/Intermediates.noindex/Cocktails.build/Debug-iphonesimulator/Cocktails.build/Objects-normal/arm64/Cocktails-OutputFileMap.json (in target 'Cocktails' from project 'Cocktails')
    cd /Users/mo/Developer/Kleingewerbe/Cocktails
    write-file /Users/mo/Library/Developer/Xcode/DerivedData/Cocktails-efkloixvbpgvwlejzvstcgnwjmfr/Build/Intermediates.noindex/Cocktails.build/Debug-iphonesimulator/Cocktails.build/Objects-normal/arm64/Cocktails-OutputFileMap.json

WriteAuxiliaryFile /Users/mo/Library/Developer/Xcode/DerivedData/Cocktails-efkloixvbpgvwlejzvstcgnwjmfr/Build/Intermediates.noindex/Cocktails.build/Debug-iphonesimulator/Cocktails.build/Cocktails-DebugDylibPath-normal-arm64.txt (in target 'Cocktails' from project 'Cocktails')
    cd /Users/mo/Developer/Kleingewerbe/Cocktails
    write-file /Users/mo/Library/Developer/Xcode/DerivedData/Cocktails-efkloixvbpgvwlejzvstcgnwjmfr/Build/Intermediates.noindex/Cocktails.build/Debug-iphonesimulator/Cocktails.build/Cocktails-DebugDylibPath-normal-arm64.txt

WriteAuxiliaryFile /Users/mo/Library/Developer/Xcode/DerivedData/Cocktails-efkloixvbpgvwlejzvstcgnwjmfr/Build/Intermediates.noindex/Cocktails.build/Debug-iphonesimulator/Cocktails.build/Cocktails-DebugDylibInstallName-normal-arm64.txt (in target 'Cocktails' from project 'Cocktails')
    cd /Users/mo/Developer/Kleingewerbe/Cocktails
    write-file /Users/mo/Library/Developer/Xcode/DerivedData/Cocktails-efkloixvbpgvwlejzvstcgnwjmfr/Build/Intermediates.noindex/Cocktails.build/Debug-iphonesimulator/Cocktails.build/Cocktails-DebugDylibInstallName-normal-arm64.txt

ProcessProductPackaging /Users/mo/Developer/Kleingewerbe/Cocktails/Cocktails/Cocktails.entitlements /Users/mo/Library/Developer/Xcode/DerivedData/Cocktails-efkloixvbpgvwlejzvstcgnwjmfr/Build/Intermediates.noindex/Cocktails.build/Debug-iphonesimulator/Cocktails.build/Cocktails.app.xcent (in target 'Cocktails' from project 'Cocktails')
    cd /Users/mo/Developer/Kleingewerbe/Cocktails
    
    Entitlements:
    
    {
}
    
    builtin-productPackagingUtility /Users/mo/Developer/Kleingewerbe/Cocktails/Cocktails/Cocktails.entitlements -entitlements -format xml -o /Users/mo/Library/Developer/Xcode/DerivedData/Cocktails-efkloixvbpgvwlejzvstcgnwjmfr/Build/Intermediates.noindex/Cocktails.build/Debug-iphonesimulator/Cocktails.build/Cocktails.app.xcent

ProcessProductPackaging /Users/mo/Developer/Kleingewerbe/Cocktails/Cocktails/Cocktails.entitlements /Users/mo/Library/Developer/Xcode/DerivedData/Cocktails-efkloixvbpgvwlejzvstcgnwjmfr/Build/Intermediates.noindex/Cocktails.build/Debug-iphonesimulator/Cocktails.build/Cocktails.app-Simulated.xcent (in target 'Cocktails' from project 'Cocktails')
    cd /Users/mo/Developer/Kleingewerbe/Cocktails
    
    Entitlements:
    
    {
    "application-identifier" = "3UC3S478RS.com.mo.Cocktails";
    "com.apple.developer.aps-environment" = development;
    "com.apple.developer.icloud-container-identifiers" =     (
        "iCloud.com.mo.Cocktails"
    );
    "com.apple.developer.icloud-services" =     (
        CloudKit
    );
}
    
    builtin-productPackagingUtility /Users/mo/Developer/Kleingewerbe/Cocktails/Cocktails/Cocktails.entitlements -entitlements -format xml -o /Users/mo/Library/Developer/Xcode/DerivedData/Cocktails-efkloixvbpgvwlejzvstcgnwjmfr/Build/Intermediates.noindex/Cocktails.build/Debug-iphonesimulator/Cocktails.build/Cocktails.app-Simulated.xcent

ProcessProductPackagingDER /Users/mo/Library/Developer/Xcode/DerivedData/Cocktails-efkloixvbpgvwlejzvstcgnwjmfr/Build/Intermediates.noindex/Cocktails.build/Debug-iphonesimulator/Cocktails.build/Cocktails.app-Simulated.xcent /Users/mo/Library/Developer/Xcode/DerivedData/Cocktails-efkloixvbpgvwlejzvstcgnwjmfr/Build/Intermediates.noindex/Cocktails.build/Debug-iphonesimulator/Cocktails.build/Cocktails.app-Simulated.xcent.der (in target 'Cocktails' from project 'Cocktails')
    cd /Users/mo/Developer/Kleingewerbe/Cocktails
    /usr/bin/derq query -f xml -i /Users/mo/Library/Developer/Xcode/DerivedData/Cocktails-efkloixvbpgvwlejzvstcgnwjmfr/Build/Intermediates.noindex/Cocktails.build/Debug-iphonesimulator/Cocktails.build/Cocktails.app-Simulated.xcent -o /Users/mo/Library/Developer/Xcode/DerivedData/Cocktails-efkloixvbpgvwlejzvstcgnwjmfr/Build/Intermediates.noindex/Cocktails.build/Debug-iphonesimulator/Cocktails.build/Cocktails.app-Simulated.xcent.der --raw

ProcessProductPackagingDER /Users/mo/Library/Developer/Xcode/DerivedData/Cocktails-efkloixvbpgvwlejzvstcgnwjmfr/Build/Intermediates.noindex/Cocktails.build/Debug-iphonesimulator/Cocktails.build/Cocktails.app.xcent /Users/mo/Library/Developer/Xcode/DerivedData/Cocktails-efkloixvbpgvwlejzvstcgnwjmfr/Build/Intermediates.noindex/Cocktails.build/Debug-iphonesimulator/Cocktails.build/Cocktails.app.xcent.der (in target 'Cocktails' from project 'Cocktails')
    cd /Users/mo/Developer/Kleingewerbe/Cocktails
    /usr/bin/derq query -f xml -i /Users/mo/Library/Developer/Xcode/DerivedData/Cocktails-efkloixvbpgvwlejzvstcgnwjmfr/Build/Intermediates.noindex/Cocktails.build/Debug-iphonesimulator/Cocktails.build/Cocktails.app.xcent -o /Users/mo/Library/Developer/Xcode/DerivedData/Cocktails-efkloixvbpgvwlejzvstcgnwjmfr/Build/Intermediates.noindex/Cocktails.build/Debug-iphonesimulator/Cocktails.build/Cocktails.app.xcent.der --raw

CpResource /Users/mo/Library/Developer/Xcode/DerivedData/Cocktails-efkloixvbpgvwlejzvstcgnwjmfr/Build/Products/Debug-iphonesimulator/Cocktails.app/Product.storekit /Users/mo/Developer/Kleingewerbe/Cocktails/Cocktails/Resources/Product.storekit (in target 'Cocktails' from project 'Cocktails')
    cd /Users/mo/Developer/Kleingewerbe/Cocktails
    builtin-copy -exclude .DS_Store -exclude CVS -exclude .svn -exclude .git -exclude .hg -resolve-src-symlinks /Users/mo/Developer/Kleingewerbe/Cocktails/Cocktails/Resources/Product.storekit /Users/mo/Library/Developer/Xcode/DerivedData/Cocktails-efkloixvbpgvwlejzvstcgnwjmfr/Build/Products/Debug-iphonesimulator/Cocktails.app

CpResource /Users/mo/Library/Developer/Xcode/DerivedData/Cocktails-efkloixvbpgvwlejzvstcgnwjmfr/Build/Products/Debug-iphonesimulator/Cocktails.app/clutterfree_cocktails.json /Users/mo/Developer/Kleingewerbe/Cocktails/Cocktails/Resources/Recipes/clutterfree_cocktails.json (in target 'Cocktails' from project 'Cocktails')
    cd /Users/mo/Developer/Kleingewerbe/Cocktails
    builtin-copy -exclude .DS_Store -exclude CVS -exclude .svn -exclude .git -exclude .hg -resolve-src-symlinks /Users/mo/Developer/Kleingewerbe/Cocktails/Cocktails/Resources/Recipes/clutterfree_cocktails.json /Users/mo/Library/Developer/Xcode/DerivedData/Cocktails-efkloixvbpgvwlejzvstcgnwjmfr/Build/Products/Debug-iphonesimulator/Cocktails.app

CompileAssetCatalogVariant thinned /Users/mo/Library/Developer/Xcode/DerivedData/Cocktails-efkloixvbpgvwlejzvstcgnwjmfr/Build/Products/Debug-iphonesimulator/Cocktails.app /Users/mo/Developer/Kleingewerbe/Cocktails/Cocktails/Resources/Assets.xcassets /Users/mo/Developer/Kleingewerbe/Cocktails/Cocktails/Resources/Cocktails.icon (in target 'Cocktails' from project 'Cocktails')
    cd /Users/mo/Developer/Kleingewerbe/Cocktails
    /Applications/Xcode.app/Contents/Developer/usr/bin/actool /Users/mo/Developer/Kleingewerbe/Cocktails/Cocktails/Resources/Assets.xcassets /Users/mo/Developer/Kleingewerbe/Cocktails/Cocktails/Resources/Cocktails.icon --compile /Users/mo/Library/Developer/Xcode/DerivedData/Cocktails-efkloixvbpgvwlejzvstcgnwjmfr/Build/Intermediates.noindex/Cocktails.build/Debug-iphonesimulator/Cocktails.build/assetcatalog_output/thinned --output-format human-readable-text --notices --warnings --export-dependency-info /Users/mo/Library/Developer/Xcode/DerivedData/Cocktails-efkloixvbpgvwlejzvstcgnwjmfr/Build/Intermediates.noindex/Cocktails.build/Debug-iphonesimulator/Cocktails.build/assetcatalog_dependencies_thinned --output-partial-info-plist /Users/mo/Library/Developer/Xcode/DerivedData/Cocktails-efkloixvbpgvwlejzvstcgnwjmfr/Build/Intermediates.noindex/Cocktails.build/Debug-iphonesimulator/Cocktails.build/assetcatalog_generated_info.plist_thinned --app-icon Cocktails --accent-color AccentColor --compress-pngs --enable-on-demand-resources YES --development-region en --target-device iphone --target-device ipad --minimum-deployment-target 26.0 --platform iphonesimulator
** BUILD INTERRUPTED **
